exports[`CreateTournament should match the snapshot 1`] = `
<div>
  <Row
    bsClass="row"
    componentClass="div">
    <Col
      bsClass="col"
      componentClass="div"
      xs={12}>
      <form
        onSubmit={[Function]}>
        <FormGroup
          bsClass="form-group">
          <ControlLabel
            bsClass="control-label"
            srOnly={false}>
            Tournament Name
          </ControlLabel>
          <InputGroup
            bsClass="input-group">
            <InputGroupButton
              bsClass="input-group-btn">
              <Button
                active={false}
                block={false}
                bsClass="btn"
                bsStyle="default"
                disabled={false}
                type="submit">
                Go!
              </Button>
            </InputGroupButton>
            <FormControl
              bsClass="form-control"
              componentClass="input"
              name="name"
              onChange={[Function]}
              placeholder="Tournament Name"
              type="text"
              value="" />
            <DropdownButton
              componentClass={[Function]}
              id="tournament_rounds"
              title="1 Round">
              <MenuItem
                bsClass="dropdown"
                disabled={false}
                divider={false}
                header={false}
                onClick={[Function]}>
                1 Round
              </MenuItem>
              <MenuItem
                bsClass="dropdown"
                disabled={false}
                divider={false}
                header={false}
                onClick={[Function]}>
                2
                 Rounds
              </MenuItem>
              <MenuItem
                bsClass="dropdown"
                disabled={false}
                divider={false}
                header={false}
                onClick={[Function]}>
                4
                 Rounds
              </MenuItem>
              <MenuItem
                bsClass="dropdown"
                disabled={false}
                divider={false}
                header={false}
                onClick={[Function]}>
                6
                 Rounds
              </MenuItem>
              <MenuItem
                bsClass="dropdown"
                disabled={false}
                divider={false}
                header={false}
                onClick={[Function]}>
                8
                 Rounds
              </MenuItem>
              <MenuItem
                bsClass="dropdown"
                disabled={false}
                divider={false}
                header={false}
                onClick={[Function]}>
                10
                 Rounds
              </MenuItem>
              <MenuItem
                bsClass="dropdown"
                disabled={false}
                divider={false}
                header={false}
                onClick={[Function]}>
                12
                 Rounds
              </MenuItem>
            </DropdownButton>
          </InputGroup>
        </FormGroup>
      </form>
    </Col>
  </Row>
  <Row
    bsClass="row"
    componentClass="div">
    <Col
      bsClass="col"
      componentClass="div"
      xs={12}>
      <ControlLabel
        bsClass="control-label"
        srOnly={false}>
        Add Players!
      </ControlLabel>
      <div>
        <FormControl
          bsClass="form-control"
          componentClass="input"
          name="playerSearch"
          onChange={[Function]}
          placeholder="Who do you want to play with?"
          type="text"
          value="" />
      </div>
    </Col>
  </Row>
  <Row
    bsClass="row"
    componentClass="div">
    <Col
      bsClass="col"
      componentClass="div"
      xs={6}>
      <PlayerList
        all={true}
        move={[Function]}
        name="all-players"
        players={
          Array [
            Object {
              "createdAt": "2016-12-25T19:31:48",
              "draws": 0,
              "goalsAgainst": 0,
              "goalsFor": 0,
              "id": 1,
              "isTeam": 0,
              "losses": 0,
              "onGoal": 0,
              "possession": 0,
              "reds": 0,
              "shots": 0,
              "updatedAt": null,
              "username": "Alice",
              "wins": 0,
              "yellows": 0,
            },
            Object {
              "createdAt": "2016-12-25T19:31:48",
              "draws": 0,
              "goalsAgainst": 0,
              "goalsFor": 0,
              "id": 2,
              "isTeam": 0,
              "losses": 0,
              "onGoal": 0,
              "possession": 0,
              "reds": 0,
              "shots": 0,
              "updatedAt": null,
              "username": "Gilbert",
              "wins": 0,
              "yellows": 0,
            },
            Object {
              "createdAt": "2016-12-25T19:31:48",
              "draws": 0,
              "goalsAgainst": 0,
              "goalsFor": 0,
              "id": 3,
              "isTeam": 0,
              "losses": 0,
              "onGoal": 0,
              "possession": 0,
              "reds": 0,
              "shots": 0,
              "updatedAt": null,
              "username": "Bob",
              "wins": 0,
              "yellows": 0,
            },
          ]
        }
        searchValue="" />
    </Col>
    <Col
      bsClass="col"
      componentClass="div"
      xs={6}>
      <PlayerList
        all={false}
        move={[Function]}
        name="added-players"
        players={Array []}
        searchValue="" />
    </Col>
  </Row>
</div>
`;
