exports[`CreateTournament should match the snapshot 1`] = `
<div>
  <Row
    bsClass="row"
    componentClass="div">
    <Col
      bsClass="col"
      componentClass="div"
      xs={12}>
      <form
        onSubmit={[Function]}>
        <FormGroup
          bsClass="form-group">
          <ControlLabel
            bsClass="control-label"
            srOnly={false}>
            Tournament Name
          </ControlLabel>
          <InputGroup
            bsClass="input-group">
            <InputGroupButton
              bsClass="input-group-btn">
              <Button
                active={false}
                block={false}
                bsClass="btn"
                bsStyle="default"
                disabled={false}
                type="submit">
                Go!
              </Button>
            </InputGroupButton>
            <FormControl
              bsClass="form-control"
              componentClass="input"
              name="name"
              onChange={[Function]}
              placeholder="Tournament Name"
              type="text"
              value="" />
            <DropdownButton
              componentClass={[Function]}
              id="tournament_rounds"
              title="rounds">
              <MenuItem
                bsClass="dropdown"
                disabled={false}
                divider={false}
                header={false}
                onClick={[Function]}>
                1
              </MenuItem>
              <MenuItem
                bsClass="dropdown"
                disabled={false}
                divider={false}
                header={false}
                onClick={[Function]}>
                2
              </MenuItem>
              <MenuItem
                bsClass="dropdown"
                disabled={false}
                divider={false}
                header={false}
                onClick={[Function]}>
                4
              </MenuItem>
              <MenuItem
                bsClass="dropdown"
                disabled={false}
                divider={false}
                header={false}
                onClick={[Function]}>
                6
              </MenuItem>
              <MenuItem
                bsClass="dropdown"
                disabled={false}
                divider={false}
                header={false}
                onClick={[Function]}>
                8
              </MenuItem>
              <MenuItem
                bsClass="dropdown"
                disabled={false}
                divider={false}
                header={false}
                onClick={[Function]}>
                10
              </MenuItem>
              <MenuItem
                bsClass="dropdown"
                disabled={false}
                divider={false}
                header={false}
                onClick={[Function]}>
                12
              </MenuItem>
            </DropdownButton>
          </InputGroup>
        </FormGroup>
      </form>
    </Col>
  </Row>
  <Row
    bsClass="row"
    componentClass="div">
    <Col
      bsClass="col"
      componentClass="div"
      xs={12}>
      <ControlLabel
        bsClass="control-label"
        srOnly={false}>
        Add Players!
      </ControlLabel>
      <div>
        <FormControl
          bsClass="form-control"
          componentClass="input"
          name="playerSearch"
          onChange={[Function]}
          placeholder="Who do you want to play with?"
          type="text"
          value="" />
      </div>
    </Col>
  </Row>
  <Row
    bsClass="row"
    componentClass="div">
    <Col
      bsClass="col"
      componentClass="div"
      xs={6}>
      <ListGroup
        bsClass="list-group">
        <Connect(CreatePlayer) />
      </ListGroup>
    </Col>
    <Col
      bsClass="col"
      componentClass="div"
      xs={6}>
      <ListGroup
        bsClass="list-group" />
    </Col>
  </Row>
</div>
`;
