exports[`GameDetails should match the snapshot 1`] = `
<Row
  bsClass="row"
  componentClass="div">
  <Col
    bsClass="col"
    componentClass="div"
    xs={5}>
    <span
      className="player1-name">
      Gilbert
    </span>
    <span
      className="player1-score">
      2
    </span>
  </Col>
  <Col
    bsClass="col"
    className="vs"
    componentClass="div"
    xs={2}>
    vs.
  </Col>
  <Col
    bsClass="col"
    componentClass="div"
    xs={5}>
    <span
      className="player2-score">
      1
    </span>
    <span
      className="player2-name">
      Bob
    </span>
  </Col>
</Row>
`;
