exports[`Home Component should match snapshot 1`] = `
<div
  className="home">
  <PageHeader
    bsClass="page-header">
    Game Manager
  </PageHeader>
  <Grid
    bsClass="container"
    componentClass="div"
    fluid={false}>
    <Row
      bsClass="row"
      componentClass="div">
      <Col
        bsClass="col"
        componentClass="div"
        md={6}
        xs={12}>
        <Connect(Tournaments) />
      </Col>
      <Col
        bsClass="col"
        componentClass="div"
        md={6}
        xs={12}>
        <Panel
          bsClass="panel"
          bsStyle="default"
          defaultExpanded={false}>
          <Uncontrolled(Tabs)
            defaultActiveKey={2}>
            <Tab
              eventKey={1}
              title="Tab 1">
              Tab 1 content
            </Tab>
            <Tab
              eventKey={2}
              title="Tab 2">
              <PlayerList
                all={true}
                searchValue="" />
            </Tab>
            <Tab
              disabled={true}
              eventKey={3}
              title="Tab 3">
              Tab 3 content
            </Tab>
          </Uncontrolled(Tabs)>
        </Panel>
      </Col>
    </Row>
  </Grid>
</div>
`;
