exports[`Home Component should match snapshot 1`] = `
<Row
  bsClass="row"
  componentClass="div">
  <Col
    bsClass="col"
    componentClass="div"
    md={6}
    xs={12}>
    <Connect(Tournaments) />
  </Col>
  <Col
    bsClass="col"
    componentClass="div"
    md={6}
    xs={12}>
    <Connect(StatsTable)
      headers={
        Array [
          "Player",
          "W",
          "L",
          "D",
          "GF",
          "GA",
          "GD",
          "S",
          "OT",
          "Y",
          "R",
          "Po",
        ]
      }
      label="All Time Table" />
  </Col>
</Row>
`;
