exports[`PlayerList should match the snapshot 1`] = `
<ListGroup
  bsClass="list-group" />
`;

exports[`PlayerList should render Components correctly based on props 1`] = `
<ListGroup
  bsClass="list-group">
  <PlayerListItem
    move={[Function]}
    player={
      Object {
        "createdAt": "2016-12-25T19:31:48",
        "id": 1,
        "isTeam": 0,
        "updatedAt": null,
        "username": "Alice",
      }
    } />
  <PlayerListItem
    move={[Function]}
    player={
      Object {
        "createdAt": "2016-12-25T19:31:48",
        "id": 2,
        "isTeam": 0,
        "updatedAt": null,
        "username": "Gilbert",
      }
    } />
  <PlayerListItem
    move={[Function]}
    player={
      Object {
        "createdAt": "2016-12-25T19:31:48",
        "id": 3,
        "isTeam": 0,
        "updatedAt": null,
        "username": "Bob",
      }
    } />
  <Connect(CreatePlayer) />
</ListGroup>
`;
