exports[`PlayTournament Component should match the snapshot 1`] = `
<div>
  <Row
    bsClass="row"
    componentClass="div">
    <Col
      bsClass="col"
      componentClass="div"
      md={6}
      xs={12}>
      <StatsTable
        label="Current Table"
        table={
          Object {
            "1": Object {
              "draws": 0,
              "goalDiff": 0,
              "goalsAgainst": 0,
              "goalsFor": 0,
              "id": 1,
              "losses": 0,
              "onGoal": 0,
              "passAcc": Array [],
              "points": 0,
              "poss": Array [],
              "reds": 0,
              "shots": 0,
              "username": "Alice",
              "wins": 0,
              "yellows": 0,
            },
            "2": Object {
              "draws": 0,
              "goalDiff": 0,
              "goalsAgainst": 0,
              "goalsFor": 0,
              "id": 2,
              "losses": 0,
              "onGoal": 0,
              "passAcc": Array [],
              "points": 0,
              "poss": Array [],
              "reds": 0,
              "shots": 0,
              "username": "Gilbert",
              "wins": 0,
              "yellows": 0,
            },
            "3": Object {
              "draws": 0,
              "goalDiff": 0,
              "goalsAgainst": 0,
              "goalsFor": 0,
              "id": 3,
              "losses": 0,
              "onGoal": 0,
              "passAcc": Array [],
              "points": 0,
              "poss": Array [],
              "reds": 0,
              "shots": 0,
              "username": "Bob",
              "wins": 0,
              "yellows": 0,
            },
          }
        } />
    </Col>
    <Col
      bsClass="col"
      componentClass="div"
      md={6}
      xs={12}>
      <Games
        games={
          Object {
            "1": Object {
              "createdAt": "2016-12-25T19:31:48",
              "id": 1,
              "p1": 1,
              "p1OnGoal": null,
              "p1PassAcc": null,
              "p1Poss": null,
              "p1Reds": 0,
              "p1Score": null,
              "p1Shots": null,
              "p1Yellows": 0,
              "p2": 2,
              "p2OnGoal": null,
              "p2PassAcc": null,
              "p2Poss": null,
              "p2Reds": 0,
              "p2Score": null,
              "p2Shots": null,
              "p2Yellows": 0,
              "status": "created",
              "tournament": 1,
              "updatedAt": null,
            },
            "2": Object {
              "createdAt": "2016-12-25T19:31:48",
              "id": 2,
              "p1": 1,
              "p1OnGoal": null,
              "p1PassAcc": null,
              "p1Poss": null,
              "p1Reds": 0,
              "p1Score": null,
              "p1Shots": null,
              "p1Yellows": 0,
              "p2": 3,
              "p2OnGoal": null,
              "p2PassAcc": null,
              "p2Poss": null,
              "p2Reds": 0,
              "p2Score": null,
              "p2Shots": null,
              "p2Yellows": 0,
              "status": "created",
              "tournament": 1,
              "updatedAt": null,
            },
            "3": Object {
              "createdAt": "2016-12-25T19:31:48",
              "id": 3,
              "p1": 2,
              "p1OnGoal": null,
              "p1PassAcc": null,
              "p1Poss": null,
              "p1Reds": 0,
              "p1Score": null,
              "p1Shots": null,
              "p1Yellows": 0,
              "p2": 3,
              "p2OnGoal": null,
              "p2PassAcc": null,
              "p2Poss": null,
              "p2Reds": 0,
              "p2Score": null,
              "p2Shots": null,
              "p2Yellows": 0,
              "status": "created",
              "tournament": 1,
              "updatedAt": null,
            },
          }
        } />
    </Col>
  </Row>
</div>
`;
