exports[`Stats Table should match the snapshot 1`] = `
<Panel
  bsClass="panel"
  bsStyle="default"
  defaultExpanded={false}>
  <h4 />
  <Table
    bordered={true}
    bsClass="table"
    condensed={false}
    hover={false}
    responsive={true}
    striped={true}>
    <thead>
      <tr>
        <th>
          Player
        </th>
        <th>
          W
        </th>
        <th>
          L
        </th>
        <th>
          D
        </th>
        <th>
          GF
        </th>
        <th>
          GA
        </th>
        <th>
          GD
        </th>
        <th>
          Shots
        </th>
        <th>
          OnGoal
        </th>
        <th>
          Yellow
        </th>
        <th>
          Red
        </th>
        <th>
          Poss.
        </th>
      </tr>
    </thead>
    <tbody>
      <tr>
        <td>
          Alice
        </td>
        <td>
          0
        </td>
        <td>
          0
        </td>
        <td>
          0
        </td>
        <td>
          0
        </td>
        <td>
          0
        </td>
        <td>
          0
        </td>
        <td>
          0
        </td>
        <td>
          0
        </td>
        <td>
          0
        </td>
        <td>
          0
        </td>
        <td>
          0
        </td>
      </tr>
      <tr>
        <td>
          Gilbert
        </td>
        <td>
          0
        </td>
        <td>
          0
        </td>
        <td>
          0
        </td>
        <td>
          0
        </td>
        <td>
          0
        </td>
        <td>
          0
        </td>
        <td>
          0
        </td>
        <td>
          0
        </td>
        <td>
          0
        </td>
        <td>
          0
        </td>
        <td>
          0
        </td>
      </tr>
      <tr>
        <td>
          Bob
        </td>
        <td>
          0
        </td>
        <td>
          0
        </td>
        <td>
          0
        </td>
        <td>
          0
        </td>
        <td>
          0
        </td>
        <td>
          0
        </td>
        <td>
          0
        </td>
        <td>
          0
        </td>
        <td>
          0
        </td>
        <td>
          0
        </td>
        <td>
          0
        </td>
      </tr>
    </tbody>
  </Table>
</Panel>
`;
