exports[`Stats Table should match the snapshot 1`] = `
<Table
  bordered={false}
  bsClass="table"
  condensed={false}
  hover={false}
  responsive={false}
  striped={false}>
  <thead>
    <th>
      Player
    </th>
    <th>
      Wins
    </th>
    <th>
      Losses
    </th>
    <th>
      Draws
    </th>
    <th>
      Goals For
    </th>
    <th>
      Goals Against
    </th>
    <th>
      Goal Differential
    </th>
    <th>
      Shots
    </th>
    <th>
      Shots On Goal
    </th>
    <th>
      Yellows
    </th>
    <th>
      Reds
    </th>
    <th>
      Possession
    </th>
  </thead>
  <tbody>
    <TableRows />
  </tbody>
</Table>
`;
