exports[`TableRow should match the snapshot 1`] = `
<tr
  className="inner-text">
  <td>
    Alice
  </td>
  <td>
    0
  </td>
  <td>
    0
  </td>
  <td>
    0
  </td>
  <td>
    0
  </td>
  <td>
    0
  </td>
  <td>
    0
  </td>
  <td>
    0
  </td>
  <td>
    0
  </td>
  <td>
    0
  </td>
  <td>
    0
  </td>
  <td>
    0
  </td>
  <td>
    0%
  </td>
</tr>
`;
