exports[`Stats Table should match the snapshot 1`] = `
<Panel
  bsClass="panel"
  bsStyle="default"
  defaultExpanded={false}>
  <h4 />
  <Table
    bordered={true}
    bsClass="table"
    condensed={false}
    hover={false}
    responsive={true}
    striped={true}>
    <thead>
      <tr>
        <th>
          Player
        </th>
        <th>
          P
        </th>
        <th>
          W
        </th>
        <th>
          L
        </th>
        <th>
          D
        </th>
        <th>
          GF
        </th>
        <th>
          GA
        </th>
        <th>
          GD
        </th>
        <th>
          S
        </th>
        <th>
          OT
        </th>
        <th>
          Y
        </th>
        <th>
          R
        </th>
        <th>
          Po
        </th>
      </tr>
    </thead>
    <tbody>
      <StatsTableRow
        player={
          Object {
            "draws": 0,
            "goalDiff": 1,
            "goalsAgainst": 1,
            "goalsFor": 2,
            "id": 3,
            "losses": 0,
            "onGoal": 0,
            "passAcc": Array [
              95,
            ],
            "points": 3,
            "poss": Array [
              50,
            ],
            "reds": 0,
            "shots": 0,
            "username": "Bob",
            "wins": 1,
            "yellows": 0,
          }
        } />
      <StatsTableRow
        player={
          Object {
            "draws": 0,
            "goalDiff": 0,
            "goalsAgainst": 4,
            "goalsFor": 4,
            "id": 1,
            "losses": 1,
            "onGoal": 0,
            "passAcc": Array [
              75,
              75,
            ],
            "points": 3,
            "poss": Array [
              75,
              50,
            ],
            "reds": 0,
            "shots": 0,
            "username": "Alice",
            "wins": 1,
            "yellows": 0,
          }
        } />
      <StatsTableRow
        player={
          Object {
            "draws": 0,
            "goalDiff": -1,
            "goalsAgainst": 3,
            "goalsFor": 2,
            "id": 2,
            "losses": 1,
            "onGoal": 0,
            "passAcc": Array [
              85,
            ],
            "points": 0,
            "poss": Array [
              25,
            ],
            "reds": 0,
            "shots": 0,
            "username": "Gilbert",
            "wins": 0,
            "yellows": 0,
          }
        } />
    </tbody>
  </Table>
</Panel>
`;
