exports[`Tournament component should match the snapshot 1`] = `
<Link
  onlyActiveOnIndex={false}
  style={Object {}}
  to="play/undefined">
  <ListGroupItem
    bsClass="list-group-item"
    className="odd"
    listItem={false}>
    <Row
      bsClass="row"
      componentClass="div">
      <Col
        bsClass="col"
        componentClass="div"
        xs={4}>
        <div
          className="lgi-inner-text" />
      </Col>
      <Col
        bsClass="col"
        className="date"
        componentClass="div"
        xs={8}>
        <span
          className="lgi-inner-text date">
          Started: Invalid Date
        </span>
        <br />
        <span
          className="lgi-inner-text date">
          Last played: Invalid Date
        </span>
      </Col>
    </Row>
    <Row
      bsClass="row"
      componentClass="div">
      <Col
        bsClass="col"
        componentClass="div"
        xs={12}>
        <ProgressBar
          active={true}
          bsClass="progress-bar"
          bsStyle="success"
          isChild={false}
          label={null}
          max={100}
          min={0}
          now={NaN}
          srOnly={false}
          striped={false} />
      </Col>
    </Row>
  </ListGroupItem>
</Link>
`;
