exports[`Tournaments Component should match snapshot 1`] = `
<div
  className="tournaments">
  <Panel
    bsClass="panel"
    bsStyle="default"
    defaultExpanded={false}>
    <Nav
      activeKey="onGoing"
      bsClass="nav"
      bsStyle="tabs"
      justified={false}
      onSelect={[Function]}
      pullLeft={false}
      pullRight={false}
      stacked={false}>
      <NavItem
        active={false}
        disabled={false}
        eventKey="finished">
        Finished
      </NavItem>
      <NavItem
        active={false}
        disabled={false}
        eventKey="onGoing">
        OnGoing
      </NavItem>
      <NavItem
        active={false}
        disabled={false}
        eventKey="create">
        Create
      </NavItem>
    </Nav>
    <ListGroup
      bsClass="list-group" />
  </Panel>
</div>
`;
